../Core/Src/main.c:92:5:__io_putchar	16	static
../Core/Src/main.c:104:5:main	8	static
../Core/Src/main.c:195:6:SystemClock_Config	88	static
../Core/Src/main.c:242:13:MX_USART3_UART_Init	8	static
../Core/Src/main.c:275:13:MX_GPIO_Init	56	static
../Core/Src/main.c:419:6:HAL_GPIO_EXTI_Callback	24	static
../Core/Src/main.c:443:6:StartDefaultTask	24	static
../Core/Src/main.c:468:6:StartTask02	24	static
../Core/Src/main.c:530:6:HAL_TIM_PeriodElapsedCallback	16	static
../Core/Src/main.c:548:6:Error_Handler	4	static,ignoring_inline_asm
