../Core/Src/main.c:76:6:ctrlLED	5
../Core/Src/main.c:98:5:main	1
../Core/Src/main.c:154:6:SystemClock_Config	3
../Core/Src/main.c:200:13:MX_I2C1_Init	2
../Core/Src/main.c:234:13:MX_I2S3_Init	2
../Core/Src/main.c:268:13:MX_SPI1_Init	2
../Core/Src/main.c:306:13:MX_TIM2_Init	4
../Core/Src/main.c:351:13:MX_TIM4_Init	4
../Core/Src/main.c:396:13:MX_GPIO_Init	1
../Core/Src/main.c:501:6:HAL_GPIO_EXTI_Callback	3
../Core/Src/main.c:511:6:HAL_TIM_PeriodElapsedCallback	3
../Core/Src/main.c:528:6:Error_Handler	1
