../Drivers/wh1602/hw_delay.h:14:20:_delay_loops	16	static,ignoring_inline_asm
../Drivers/wh1602/wh1602.c:33:13:lcd_write_command_init	16	static
../Drivers/wh1602/wh1602.c:40:13:lcd_set_nibble	16	static
../Drivers/wh1602/wh1602.c:80:20:lcd_write	16	static
../Drivers/wh1602/wh1602.c:90:20:lcd_wait	8	static
../Drivers/wh1602/wh1602.c:95:13:lcd_write_command	16	static
../Drivers/wh1602/wh1602.c:103:13:lcd_write_data	16	static
../Drivers/wh1602/wh1602.c:111:13:lcd_strobe_e	8	static
../Drivers/wh1602/wh1602.c:119:13:lcd_gpio_init	32	static
../Drivers/wh1602/wh1602.c:158:6:wh1602_Init	8	static
../Drivers/wh1602/wh1602.c:189:6:wh1602_Command	16	static
../Drivers/wh1602/wh1602.c:194:6:wh1602_SendChar	16	static
../Drivers/wh1602/wh1602.c:199:6:wh1602_Clear	8	static
