../Drivers/wh1602/wh1602.c:5:13:wh1602_Enable	8	static
../Drivers/wh1602/wh1602.c:13:13:wh1602_Write8	16	static
../Drivers/wh1602/wh1602.c:26:13:wh1602_Send	16	static
../Drivers/wh1602/wh1602.c:33:6:wh1602_Init	8	static
../Drivers/wh1602/wh1602.c:46:6:wh1602_Clear	8	static
../Drivers/wh1602/wh1602.c:51:6:wh1602_Home	8	static
../Drivers/wh1602/wh1602.c:56:6:wh1602_SetCursor	24	static
../Drivers/wh1602/wh1602.c:62:6:wh1602_SendChar	16	static
../Drivers/wh1602/wh1602.c:66:6:wh1602_SendStr	16	static
