../Core/Src/main.c:86:5:__io_putchar	16	static
../Core/Src/main.c:92:6:readCommand	24	static
../Core/Src/main.c:127:5:main	8	static
../Core/Src/main.c:215:6:SystemClock_Config	88	static
../Core/Src/main.c:262:13:MX_USART3_UART_Init	8	static
../Core/Src/main.c:295:13:MX_GPIO_Init	56	static
../Core/Src/main.c:449:6:StartDefaultTask	48	static
../Core/Src/main.c:471:6:StartTask02	56	static
../Core/Src/main.c:548:6:HAL_TIM_PeriodElapsedCallback	16	static
../Core/Src/main.c:566:6:Error_Handler	4	static,ignoring_inline_asm
