2025-10-15 20:38:20,748 [INFO] Activator:176 - 


2025-10-15 20:38:20,750 [INFO] Activator:177 - !SESSION log4j initialized
2025-10-15 20:38:22,299 [INFO] LogOutputStream:77 - [STDOUT_REDIRECT] 
2025-10-15 20:38:23,915 [INFO] ApplicationProperties:184 - Using Application install path: /opt/st/stm32cubeide_1.19.0/plugins/com.st.stm32cube.common.mx_6.15.0.202507011659
2025-10-15 20:38:23,924 [INFO] DbMcusXml:78 - Set database path to: /opt/st/stm32cubeide_1.19.0/plugins/com.st.stm32cube.common.mx_6.15.0.202507011659//db//mcu/
2025-10-15 20:38:23,924 [INFO] ApiDb:274 - Set plugin database path to: /opt/st/stm32cubeide_1.19.0/plugins/com.st.stm32cube.common.mx_6.15.0.202507011659//db//plugins/boardmanager/
2025-10-15 20:38:23,925 [WARN] ApiDb:259 - Overriding images path with different value:  => /opt/st/stm32cubeide_1.19.0/plugins/com.st.stm32cube.common.mx_6.15.0.202507011659//db//plugins/mcufinder/images/
2025-10-15 20:38:23,929 [INFO] ApiDb:250 - Set database path to: /home/oleksii/.stmcufinder/plugins/mcufinder//mcu/
2025-10-15 20:38:23,930 [INFO] DbMcusAds:125 - Set database path to: /home/oleksii/.stmcufinder/plugins/mcufinder//mcu/
2025-10-15 20:38:23,931 [INFO] CrossReferenceDbSqlite:203 - Set database path to: /home/oleksii/.stmcufinder/plugins/mcufinder//mcu/cs/
2025-10-15 20:38:23,988 [INFO] RulesReader:64 - Compatibility file has been processed (317 Rules)
2025-10-15 20:38:24,023 [INFO] DbMcusXml:78 - Set database path to: /opt/st/stm32cubeide_1.19.0/plugins/com.st.stm32cube.common.mx_6.15.0.202507011659//db//mcu/
2025-10-15 20:38:24,023 [INFO] ApiDb:274 - Set plugin database path to: /opt/st/stm32cubeide_1.19.0/plugins/com.st.stm32cube.common.mx_6.15.0.202507011659//db//plugins/boardmanager/
2025-10-15 20:38:24,023 [INFO] ApiDb:261 - Set plugin images path to: /opt/st/stm32cubeide_1.19.0/plugins/com.st.stm32cube.common.mx_6.15.0.202507011659//db//plugins/mcufinder/images/
2025-10-15 20:38:24,023 [WARN] DbFile:41 - Overriding database path with different value: /home/oleksii/.stmcufinder/plugins/mcufinder/ => /home/oleksii/.stmcufinder/plugins/mcufinder
2025-10-15 20:38:24,023 [INFO] ApiDb:250 - Set database path to: /home/oleksii/.stmcufinder/plugins/mcufinder//mcu/
2025-10-15 20:38:24,023 [WARN] DbFile:41 - Overriding database path with different value: /home/oleksii/.stmcufinder/plugins/mcufinder/ => /home/oleksii/.stmcufinder/plugins/mcufinder
2025-10-15 20:38:24,023 [INFO] DbMcusAds:125 - Set database path to: /home/oleksii/.stmcufinder/plugins/mcufinder//mcu/
2025-10-15 20:38:24,023 [WARN] DbFile:41 - Overriding database path with different value: /home/oleksii/.stmcufinder/plugins/mcufinder/ => /home/oleksii/.stmcufinder/plugins/mcufinder
2025-10-15 20:38:24,023 [WARN] DbFile:41 - Overriding database path with different value: /home/oleksii/.stmcufinder/plugins/mcufinder/ => /home/oleksii/.stmcufinder/plugins/mcufinder
2025-10-15 20:38:24,023 [INFO] CrossReferenceDbSqlite:203 - Set database path to: /home/oleksii/.stmcufinder/plugins/mcufinder//mcu/cs/
2025-10-15 20:38:24,060 [INFO] MainPanel:274 - HeapMemory: 268435456
2025-10-15 20:38:24,136 [INFO] DbMcusXml:78 - Set database path to: /opt/st/stm32cubeide_1.19.0/plugins/com.st.stm32cube.common.mx_6.15.0.202507011659//db//mcu/
2025-10-15 20:38:24,136 [INFO] ApiDb:274 - Set plugin database path to: /opt/st/stm32cubeide_1.19.0/plugins/com.st.stm32cube.common.mx_6.15.0.202507011659//db//plugins/boardmanager/
2025-10-15 20:38:24,137 [INFO] ApiDb:261 - Set plugin images path to: /opt/st/stm32cubeide_1.19.0/plugins/com.st.stm32cube.common.mx_6.15.0.202507011659//db//plugins/mcufinder/images/
2025-10-15 20:38:24,137 [WARN] DbFile:41 - Overriding database path with different value: /home/oleksii/.stmcufinder/plugins/mcufinder/ => /home/oleksii/.stmcufinder/plugins/mcufinder
2025-10-15 20:38:24,137 [INFO] ApiDb:250 - Set database path to: /home/oleksii/.stmcufinder/plugins/mcufinder//mcu/
2025-10-15 20:38:24,137 [WARN] DbFile:41 - Overriding database path with different value: /home/oleksii/.stmcufinder/plugins/mcufinder/ => /home/oleksii/.stmcufinder/plugins/mcufinder
2025-10-15 20:38:24,137 [INFO] DbMcusAds:125 - Set database path to: /home/oleksii/.stmcufinder/plugins/mcufinder//mcu/
2025-10-15 20:38:24,137 [WARN] DbFile:41 - Overriding database path with different value: /home/oleksii/.stmcufinder/plugins/mcufinder/ => /home/oleksii/.stmcufinder/plugins/mcufinder
2025-10-15 20:38:24,137 [WARN] DbFile:41 - Overriding database path with different value: /home/oleksii/.stmcufinder/plugins/mcufinder/ => /home/oleksii/.stmcufinder/plugins/mcufinder
2025-10-15 20:38:24,137 [INFO] CrossReferenceDbSqlite:203 - Set database path to: /home/oleksii/.stmcufinder/plugins/mcufinder//mcu/cs/
2025-10-15 20:38:24,146 [INFO] ApplicationProperties:184 - Using Application install path: /opt/st/stm32cubeide_1.19.0/plugins/com.st.stm32cube.common.mx_6.15.0.202507011659
2025-10-15 20:38:24,147 [INFO] PluginManage:196 - Search for loadable plugins [exclusion list=, ]
2025-10-15 20:38:24,147 [INFO] PluginManage:310 - Check plugin analytics
2025-10-15 20:38:24,231 [INFO] AnalyticsPlugin:253 - Accepted Software Licenses: 
2025-10-15 20:38:24,231 [INFO] AnalyticsPlugin:255 - Accepted CMSIS Pack Licenses: 
2025-10-15 20:38:24,231 [INFO] AnalyticsPlugin:257 - Accepted Firmware Licenses: FW.F4.1.28.0
2025-10-15 20:38:24,232 [INFO] PluginManage:359 - Loaded plugin analytics (category:tool,tabindex:-1)
2025-10-15 20:38:24,232 [INFO] PluginManage:310 - Check plugin cadmodel
2025-10-15 20:38:24,235 [INFO] CADModel:105 - Init CAD model plugin
2025-10-15 20:38:24,235 [INFO] PluginManage:359 - Loaded plugin cadmodel (category:power,tabindex:5)
2025-10-15 20:38:24,235 [INFO] PluginManage:310 - Check plugin clock
2025-10-15 20:38:24,240 [INFO] PluginManage:359 - Loaded plugin clock (category:base,tabindex:2)
2025-10-15 20:38:24,240 [INFO] PluginManage:310 - Check plugin ddr
2025-10-15 20:38:24,241 [INFO] PluginManage:359 - Loaded plugin ddr (category:tool,tabindex:6)
2025-10-15 20:38:24,242 [INFO] PluginManage:310 - Check plugin filemanager
2025-10-15 20:38:24,336 [INFO] PluginManage:359 - Loaded plugin filemanager (category:base,tabindex:10)
2025-10-15 20:38:24,336 [INFO] PluginManage:310 - Check plugin ipmanager
2025-10-15 20:38:24,347 [INFO] PluginManage:359 - Loaded plugin ipmanager (category:base,tabindex:5)
2025-10-15 20:38:24,347 [INFO] PluginManage:310 - Check plugin lpbam
2025-10-15 20:38:24,353 [INFO] PluginManage:359 - Loaded plugin lpbam (category:base,tabindex:0)
2025-10-15 20:38:24,353 [INFO] PluginManage:310 - Check plugin memorymap
2025-10-15 20:38:24,360 [INFO] PluginManage:359 - Loaded plugin memorymap (category:base,tabindex:4)
2025-10-15 20:38:24,361 [INFO] PluginManage:310 - Check plugin pinoutandconfiguration
2025-10-15 20:38:24,366 [INFO] PluginManage:359 - Loaded plugin pinoutandconfiguration (category:base,tabindex:1)
2025-10-15 20:38:24,366 [INFO] PluginManage:310 - Check plugin pinoutconfig
2025-10-15 20:38:24,412 [WARN] SupportedApi:132 - Cannot load RTOS API schema: s4s-elt-must-match.1: The content of 'definitions' must match (annotation?, (simpleType | complexType)?, (unique | key | keyref)*)). A problem was found starting at: attribute.
2025-10-15 20:38:24,479 [INFO] PluginManage:359 - Loaded plugin pinoutconfig (category:base,tabindex:0)
2025-10-15 20:38:24,479 [INFO] PluginManage:310 - Check plugin power
2025-10-15 20:38:24,484 [INFO] PluginManage:359 - Loaded plugin power (category:power,tabindex:4)
2025-10-15 20:38:24,484 [INFO] PluginManage:310 - Check plugin projectmanager
2025-10-15 20:38:24,492 [INFO] PluginManage:359 - Loaded plugin projectmanager (category:projectmanager,tabindex:4)
2025-10-15 20:38:24,492 [INFO] PluginManage:310 - Check plugin rif
2025-10-15 20:38:24,497 [INFO] PluginManage:359 - Loaded plugin rif (category:base,tabindex:3)
2025-10-15 20:38:24,497 [INFO] PluginManage:310 - Check plugin thirdparty
2025-10-15 20:38:24,562 [INFO] PluginManage:359 - Loaded plugin thirdparty (category:base,tabindex:-1)
2025-10-15 20:38:24,562 [WARN] IntegrityCheckThread:84 - waiting for thirdparty lock release [integrity check]
2025-10-15 20:38:24,562 [INFO] PluginManage:310 - Check plugin tools
2025-10-15 20:38:24,562 [INFO] IntegrityCheckThread:86 - entering critical section [integrity check]
2025-10-15 20:38:24,563 [INFO] ThirdPartyUpdaterWithRetryManager:70 - Updater plugin not ready yet. [1/15]
2025-10-15 20:38:24,564 [INFO] PluginManage:359 - Loaded plugin tools (category:base,tabindex:7)
2025-10-15 20:38:24,564 [INFO] PluginManage:310 - Check plugin tutovideos
2025-10-15 20:38:24,667 [INFO] PluginManage:359 - Loaded plugin tutovideos (category:base,tabindex:-1)
2025-10-15 20:38:24,667 [INFO] PluginManage:310 - Check plugin updater
2025-10-15 20:38:24,679 [INFO] PluginManage:359 - Loaded plugin updater (category:base,tabindex:12)
2025-10-15 20:38:24,679 [INFO] PluginManage:310 - Check plugin userauth
2025-10-15 20:38:24,681 [INFO] UserAuth:118 - Init User Auth plugin
2025-10-15 20:38:24,682 [INFO] PluginManage:359 - Loaded plugin userauth (category:base,tabindex:14)
2025-10-15 20:38:24,682 [INFO] PluginManage:283 - PluginManage : Loaded plugins [18]
2025-10-15 20:38:24,773 [INFO] PinOutPanel:1589 - setPackage(No Configuration,No Configuration)
2025-10-15 20:38:24,810 [INFO] CADModel:165 - CPN selected for project level
2025-10-15 20:38:24,810 [INFO] CADModel:114 - Register for checkConnection events
2025-10-15 20:38:24,815 [INFO] IPUIPlugin:80 - create IPUIPlugin
2025-10-15 20:38:24,815 [INFO] PluginManager:220 - loadIPPluginJar : add radio
2025-10-15 20:38:24,818 [INFO] IPUIPlugin:80 - create IPUIPlugin
2025-10-15 20:38:24,818 [INFO] PluginManager:220 - loadIPPluginJar : add spi
2025-10-15 20:38:24,819 [INFO] IPUIPlugin:80 - create IPUIPlugin
2025-10-15 20:38:24,819 [INFO] PluginManager:220 - loadIPPluginJar : add tsc
2025-10-15 20:38:24,821 [INFO] IPUIPlugin:80 - create IPUIPlugin
2025-10-15 20:38:24,821 [INFO] PluginManager:220 - loadIPPluginJar : add fmc
2025-10-15 20:38:24,822 [INFO] IPUIPlugin:80 - create IPUIPlugin
2025-10-15 20:38:24,822 [INFO] PluginManager:220 - loadIPPluginJar : add hash
2025-10-15 20:38:24,823 [INFO] IPUIPlugin:80 - create IPUIPlugin
2025-10-15 20:38:24,824 [INFO] PluginManager:220 - loadIPPluginJar : add extmemmanager
2025-10-15 20:38:24,824 [INFO] IPUIPlugin:80 - create IPUIPlugin
2025-10-15 20:38:24,824 [INFO] PluginManager:220 - loadIPPluginJar : add tim
2025-10-15 20:38:24,825 [INFO] IPUIPlugin:80 - create IPUIPlugin
2025-10-15 20:38:24,825 [INFO] PluginManager:220 - loadIPPluginJar : add ltdc
2025-10-15 20:38:24,826 [INFO] IPUIPlugin:80 - create IPUIPlugin
2025-10-15 20:38:24,826 [INFO] PluginManager:220 - loadIPPluginJar : add quadspi
2025-10-15 20:38:24,828 [INFO] IPUIPlugin:80 - create IPUIPlugin
2025-10-15 20:38:24,828 [INFO] PluginManager:220 - loadIPPluginJar : add gic
2025-10-15 20:38:24,829 [INFO] IPUIPlugin:80 - create IPUIPlugin
2025-10-15 20:38:24,829 [INFO] PluginManager:220 - loadIPPluginJar : add comp
2025-10-15 20:38:24,830 [INFO] IPUIPlugin:80 - create IPUIPlugin
2025-10-15 20:38:24,830 [INFO] PluginManager:220 - loadIPPluginJar : add fatfs
2025-10-15 20:38:24,833 [INFO] IPUIPlugin:80 - create IPUIPlugin
2025-10-15 20:38:24,833 [INFO] PluginManager:220 - loadIPPluginJar : add linkedlist
2025-10-15 20:38:24,834 [INFO] IPUIPlugin:80 - create IPUIPlugin
2025-10-15 20:38:24,834 [INFO] PluginManager:220 - loadIPPluginJar : add ucpd
2025-10-15 20:38:24,835 [INFO] IPUIPlugin:80 - create IPUIPlugin
2025-10-15 20:38:24,836 [INFO] PluginManager:220 - loadIPPluginJar : add ddr_ctrl_phy
2025-10-15 20:38:24,837 [INFO] IPUIPlugin:80 - create IPUIPlugin
2025-10-15 20:38:24,837 [INFO] PluginManager:220 - loadIPPluginJar : add gfxmmu
2025-10-15 20:38:24,838 [INFO] IPUIPlugin:80 - create IPUIPlugin
2025-10-15 20:38:24,838 [INFO] PluginManager:220 - loadIPPluginJar : add usart
2025-10-15 20:38:24,840 [INFO] IPUIPlugin:80 - create IPUIPlugin
2025-10-15 20:38:24,840 [INFO] PluginManager:220 - loadIPPluginJar : add dma
2025-10-15 20:38:24,841 [INFO] IPUIPlugin:80 - create IPUIPlugin
2025-10-15 20:38:24,841 [INFO] PluginManager:220 - loadIPPluginJar : add aes
2025-10-15 20:38:24,845 [INFO] IPUIPlugin:80 - create IPUIPlugin
2025-10-15 20:38:24,846 [INFO] PluginManager:220 - loadIPPluginJar : add plateformsettings
2025-10-15 20:38:24,846 [INFO] IPUIPlugin:80 - create IPUIPlugin
2025-10-15 20:38:24,847 [INFO] PluginManager:220 - loadIPPluginJar : add genericplugin
2025-10-15 20:38:24,848 [INFO] IPUIPlugin:80 - create IPUIPlugin
2025-10-15 20:38:24,848 [INFO] PluginManager:220 - loadIPPluginJar : add pdm2pcm
2025-10-15 20:38:24,849 [INFO] IPUIPlugin:80 - create IPUIPlugin
2025-10-15 20:38:24,850 [INFO] PluginManager:220 - loadIPPluginJar : add ipddr
2025-10-15 20:38:24,851 [INFO] IPUIPlugin:80 - create IPUIPlugin
2025-10-15 20:38:24,851 [INFO] PluginManager:220 - loadIPPluginJar : add opamp
2025-10-15 20:38:24,852 [INFO] IPUIPlugin:80 - create IPUIPlugin
2025-10-15 20:38:24,852 [INFO] PluginManager:220 - loadIPPluginJar : add dma3
2025-10-15 20:38:24,853 [INFO] IPUIPlugin:80 - create IPUIPlugin
2025-10-15 20:38:24,853 [INFO] PluginManager:220 - loadIPPluginJar : add dfsdm
2025-10-15 20:38:24,854 [INFO] IPUIPlugin:80 - create IPUIPlugin
2025-10-15 20:38:24,854 [INFO] PluginManager:220 - loadIPPluginJar : add ts
2025-10-15 20:38:24,856 [INFO] IPUIPlugin:80 - create IPUIPlugin
2025-10-15 20:38:24,856 [INFO] PluginManager:220 - loadIPPluginJar : add nvic
2025-10-15 20:38:24,857 [INFO] IPUIPlugin:80 - create IPUIPlugin
2025-10-15 20:38:24,857 [INFO] PluginManager:220 - loadIPPluginJar : add cryp
2025-10-15 20:38:24,860 [INFO] IPUIPlugin:80 - create IPUIPlugin
2025-10-15 20:38:24,860 [INFO] PluginManager:220 - loadIPPluginJar : add freertos
2025-10-15 20:38:24,862 [INFO] IPUIPlugin:80 - create IPUIPlugin
2025-10-15 20:38:24,862 [INFO] PluginManager:220 - loadIPPluginJar : add resmgrutility
2025-10-15 20:38:24,863 [INFO] IPUIPlugin:80 - create IPUIPlugin
2025-10-15 20:38:24,863 [INFO] PluginManager:220 - loadIPPluginJar : add gtzc
2025-10-15 20:38:24,864 [INFO] IPUIPlugin:80 - create IPUIPlugin
2025-10-15 20:38:24,864 [INFO] PluginManager:220 - loadIPPluginJar : add tracer_emb
2025-10-15 20:38:24,867 [INFO] IPUIPlugin:80 - create IPUIPlugin
2025-10-15 20:38:24,867 [INFO] PluginManager:220 - loadIPPluginJar : add stm32_wpan
2025-10-15 20:38:24,869 [INFO] IPUIPlugin:80 - create IPUIPlugin
2025-10-15 20:38:24,869 [INFO] PluginManager:220 - loadIPPluginJar : add gpio
2025-10-15 20:38:24,871 [INFO] IPUIPlugin:80 - create IPUIPlugin
2025-10-15 20:38:24,871 [INFO] PluginManager:220 - loadIPPluginJar : add sai
2025-10-15 20:38:24,872 [INFO] IPUIPlugin:80 - create IPUIPlugin
2025-10-15 20:38:24,872 [INFO] PluginManager:220 - loadIPPluginJar : add usbx
2025-10-15 20:38:24,874 [INFO] IPUIPlugin:80 - create IPUIPlugin
2025-10-15 20:38:24,874 [INFO] PluginManager:220 - loadIPPluginJar : add touchsensing
2025-10-15 20:38:24,875 [INFO] IPUIPlugin:80 - create IPUIPlugin
2025-10-15 20:38:24,875 [INFO] PluginManager:220 - loadIPPluginJar : add openamp
2025-10-15 20:38:24,876 [INFO] IPUIPlugin:80 - create IPUIPlugin
2025-10-15 20:38:24,876 [INFO] PluginManager:220 - loadIPPluginJar : add i3c
2025-10-15 20:38:24,877 [INFO] IPUIPlugin:80 - create IPUIPlugin
2025-10-15 20:38:24,877 [INFO] PluginManager:220 - loadIPPluginJar : add i2s
2025-10-15 20:38:24,878 [INFO] IPUIPlugin:80 - create IPUIPlugin
2025-10-15 20:38:24,879 [INFO] PluginManager:220 - loadIPPluginJar : add can
2025-10-15 20:38:24,880 [INFO] IPUIPlugin:80 - create IPUIPlugin
2025-10-15 20:38:24,880 [INFO] PluginManager:220 - loadIPPluginJar : add lorawan
2025-10-15 20:38:24,883 [INFO] IPUIPlugin:80 - create IPUIPlugin
2025-10-15 20:38:24,883 [INFO] PluginManager:220 - loadIPPluginJar : add adc
2025-10-15 20:38:24,884 [INFO] IPUIPlugin:80 - create IPUIPlugin
2025-10-15 20:38:24,884 [INFO] PluginManager:220 - loadIPPluginJar : add i2c
2025-10-15 20:38:24,887 [INFO] IPUIPlugin:80 - create IPUIPlugin
2025-10-15 20:38:24,887 [INFO] PluginManager:220 - loadIPPluginJar : add mdma
2025-10-15 20:38:24,977 [FATAL] Updater:351 - Updater called before beeing initialized
2025-10-15 20:38:24,992 [INFO] RulesReader:64 - Compatibility file has been processed (317 Rules)
2025-10-15 20:38:24,998 [INFO] RulesReader:64 - Compatibility file has been processed (317 Rules)
2025-10-15 20:38:25,003 [INFO] CADModel:165 - CPN selected for project level
2025-10-15 20:38:25,003 [INFO] CADModel:114 - Register for checkConnection events
2025-10-15 20:38:25,003 [FATAL] Updater:351 - Updater called before beeing initialized
2025-10-15 20:38:25,003 [ERROR] CADModel:125 - Updater not yet initialized, retry later 
2025-10-15 20:38:25,069 [FATAL] Updater:351 - Updater called before beeing initialized
2025-10-15 20:38:25,070 [INFO] CADModel:165 - CPN selected for project level
2025-10-15 20:38:25,070 [INFO] CADModel:114 - Register for checkConnection events
2025-10-15 20:38:25,070 [FATAL] Updater:351 - Updater called before beeing initialized
2025-10-15 20:38:25,070 [ERROR] CADModel:125 - Updater not yet initialized, retry later 
2025-10-15 20:38:25,072 [FATAL] Updater:351 - Updater called before beeing initialized
2025-10-15 20:38:25,120 [FATAL] Updater:351 - Updater called before beeing initialized
2025-10-15 20:38:25,122 [INFO] DbMcusAds:53 - JSON generation date=Thu Oct 02 12:36:05 EEST 2025 (1759397765645)
2025-10-15 20:38:25,122 [FATAL] Updater:351 - Updater called before beeing initialized
2025-10-15 20:38:25,142 [WARN] DetailPanel:346 - Failed to get advertising image, set to default
2025-10-15 20:38:25,187 [FATAL] Updater:351 - Updater called before beeing initialized
2025-10-15 20:38:25,188 [FATAL] Updater:351 - Updater called before beeing initialized
2025-10-15 20:38:25,188 [FATAL] Updater:351 - Updater called before beeing initialized
2025-10-15 20:38:25,188 [WARN] DetailPanel:346 - Failed to get advertising image, set to default
2025-10-15 20:38:25,188 [FATAL] Updater:351 - Updater called before beeing initialized
2025-10-15 20:38:25,206 [ERROR] Updater:1198 - MainUpdater not yet initialized. External WinMGr cannot be set.
2025-10-15 20:38:25,207 [INFO] Updater:1134 - Updater Version found : 6.15.0
2025-10-15 20:38:25,216 [INFO] ApplicationProperties:184 - Using Application install path: /opt/st/stm32cubeide_1.19.0/plugins/com.st.stm32cube.common.mx_6.15.0.202507011659
2025-10-15 20:38:25,484 [INFO] MainUpdater:2872 - connection check result : 10
2025-10-15 20:38:25,485 [INFO] MainUpdater:3604 - Updater definition file requires update
2025-10-15 20:38:25,487 [INFO] MainUpdater:289 - Updater Check For Update Now.
2025-10-15 20:38:25,487 [INFO] MicroXplorer:498 - Change Database Version : DB.6.0.150
2025-10-15 20:38:25,496 [INFO] McuFinderGlobals:63 - Set McuFinder mode to 2 (CubeIDE integrated)
2025-10-15 20:38:25,497 [INFO] UserAuth:487 - Internet connection configuration mode: 1
2025-10-15 20:38:25,513 [INFO] JxBrowserEngine:152 - Initiate JxBrowser Engine with user profile folder
2025-10-15 20:38:25,564 [INFO] ServerAccessManage:452 - Complete download http(s) 200
2025-10-15 20:38:25,565 [INFO] ServerAccessManage:509 - Download File updaters.zip
2025-10-15 20:38:25,676 [INFO] FileExtend:248 - Unzip File : updaters.zip
2025-10-15 20:38:25,676 [INFO] FileExtend:263 - Standard Zip Deflate
2025-10-15 20:38:25,825 [INFO] ServerAccessManage:452 - Complete download http(s) 200
2025-10-15 20:38:25,825 [INFO] ServerAccessManage:509 - Download File PacksControlFlags.xml
2025-10-15 20:38:25,930 [INFO] ServerAccessManage:452 - Complete download http(s) 200
2025-10-15 20:38:25,930 [INFO] ServerAccessManage:509 - Download File cubemx.pidx
2025-10-15 20:38:26,248 [INFO] WebApp:169 - Instantiating new browser for Auth
2025-10-15 20:38:26,423 [INFO] ServerAccessManage:452 - Complete download http(s) 200
2025-10-15 20:38:26,423 [INFO] ServerAccessManage:509 - Download File STMicroelectronics.X-CUBE-IPS.pdsc
2025-10-15 20:38:26,774 [INFO] WebApp:463 - Apply proxy settings
2025-10-15 20:38:26,775 [INFO] WebApp:548 - Chromium requires no authentication
2025-10-15 20:38:26,780 [INFO] WebApp:491 - Direct internet connection detected
2025-10-15 20:38:26,793 [INFO] WebApp:900 - Register for checkConnection events
2025-10-15 20:38:26,793 [INFO] WebApp:463 - Apply proxy settings
2025-10-15 20:38:26,793 [INFO] WebApp:548 - Chromium requires no authentication
2025-10-15 20:38:26,794 [INFO] WebApp:491 - Direct internet connection detected
2025-10-15 20:38:26,880 [INFO] WebApp:225 - Starting web application
2025-10-15 20:38:26,880 [INFO] WebApp:593 - Web application path used /opt/st/stm32cubeide_1.19.0/plugins/com.st.stm32cube.common.mx_6.15.0.202507011659/db/plugins/mcufinder/reactClient1/index.html
2025-10-15 20:38:26,931 [INFO] ServerAccessManage:452 - Complete download http(s) 200
2025-10-15 20:38:26,931 [INFO] ServerAccessManage:509 - Download File STMicroelectronics.X-CUBE-ST60.pdsc
2025-10-15 20:38:26,949 [INFO] UserAuth:487 - Internet connection configuration mode: 1
2025-10-15 20:38:27,048 [INFO] WebApp:191 - Connection restablished
2025-10-15 20:38:27,246 [INFO] ServerAccessManage:452 - Complete download http(s) 200
2025-10-15 20:38:27,246 [INFO] ServerAccessManage:509 - Download File STMicroelectronics.X-CUBE-ST67W61.pdsc
2025-10-15 20:38:27,563 [WARN] MainUpdater:1193 - Updater busy. Cannot search thirdparties
2025-10-15 20:38:27,563 [INFO] ThirdPartyUpdaterWithRetryManager:96 - Updater plugin is busy. [1/15]
2025-10-15 20:38:27,615 [WARN] PackLoader:240 - Cannot read IP mode file for STMicroelectronics.X-CUBE-IPS.3.2.0
2025-10-15 20:38:27,634 [WARN] PackLoader:240 - Cannot read IP mode file for STMicroelectronics.X-CUBE-ST60.1.1.0
2025-10-15 20:38:27,642 [WARN] PackLoader:240 - Cannot read IP mode file for STMicroelectronics.X-CUBE-ST67W61.1.1.0
2025-10-15 20:38:27,643 [INFO] PopulateThirdPartyThread:66 - Ending populate Thread
2025-10-15 20:38:27,644 [INFO] ThirdParty:1030 - CMSIS Pack Vendor :STMicroelectronics X-CUBE-ST67W61 1.1.0
2025-10-15 20:38:27,644 [INFO] ThirdParty:1030 - CMSIS Pack Vendor :STMicroelectronics X-CUBE-IPS 3.2.0
2025-10-15 20:38:27,644 [INFO] ThirdParty:1030 - CMSIS Pack Vendor :STMicroelectronics X-CUBE-ST60 1.1.0
2025-10-15 20:38:27,644 [INFO] LoadServerUpdatesThread:375 - End of LoadServerUpdate Thread
2025-10-15 20:38:27,717 [INFO] CheckServerUpdateThread:120 - End of CheckServer Thread
2025-10-15 20:38:30,649 [WARN] PackLoader:240 - Cannot read IP mode file for STMicroelectronics.FP-SNS-MOTENVWB1.1.4.0
2025-10-15 20:38:30,651 [WARN] PackLoader:240 - Cannot read IP mode file for STMicroelectronics.FP-ATR-ASTRA1.2.0.2
2025-10-15 20:38:30,654 [WARN] PackLoader:240 - Cannot read IP mode file for STMicroelectronics.X-CUBE-SMBUS.2.1.0
2025-10-15 20:38:30,656 [WARN] PackLoader:240 - Cannot read IP mode file for STMicroelectronics.X-CUBE-ST60.1.0.0
2025-10-15 20:38:30,671 [WARN] PackLoader:240 - Cannot read IP mode file for STMicroelectronics.X-CUBE-AZRTOS-F7.1.1.0
2025-10-15 20:38:30,677 [WARN] PackLoader:240 - Cannot read IP mode file for WES.I-CUBE-Cesium.1.4.0
2025-10-15 20:38:30,688 [WARN] PackLoader:240 - Cannot read IP mode file for Infineon.AIROC-Wi-Fi-Bluetooth-STM32.1.7.1
2025-10-15 20:38:30,702 [WARN] PackLoader:240 - Cannot read IP mode file for STMicroelectronics.X-CUBE-AZRTOS-H7.3.4.0
2025-10-15 20:38:30,707 [WARN] PackLoader:240 - Cannot read IP mode file for STMicroelectronics.X-CUBE-DISPLAY.3.0.0
2025-10-15 20:38:30,713 [WARN] PackLoader:240 - Cannot read IP mode file for STMicroelectronics.X-CUBE-NFC10.1.0.0
2025-10-15 20:38:30,715 [WARN] PackLoader:240 - Cannot read IP mode file for STMicroelectronics.X-CUBE-ST60.1.1.0
2025-10-15 20:38:30,718 [WARN] PackLoader:240 - Cannot read IP mode file for emotas.I-CUBE-CANOPEN.1.3.0
2025-10-15 20:38:30,721 [WARN] PackLoader:240 - Cannot read IP mode file for STMicroelectronics.FP-SNS-STBOX1.2.1.0
2025-10-15 20:38:30,724 [WARN] PackLoader:240 - Cannot read IP mode file for STMicroelectronics.FP-SNS-SMARTAG2.1.2.0
2025-10-15 20:38:30,726 [WARN] PackLoader:240 - Cannot read IP mode file for STMicroelectronics.FP-SNS-FLIGHT1.5.1.0
2025-10-15 20:38:30,730 [INFO] LogOutputStream:77 - [STDOUT_REDIRECT] 1 : Invalid condition id : UX_CORESTACK_Condition cause : null
2025-10-15 20:38:30,731 [INFO] LogOutputStream:77 - [STDOUT_REDIRECT] 1 : Invalid condition id : UX_CORESTACK_Condition cause : null
2025-10-15 20:38:30,731 [INFO] LogOutputStream:77 - [STDOUT_REDIRECT] 1 : Invalid condition id : UX_CORESTACK_Condition cause : null
2025-10-15 20:38:30,731 [INFO] LogOutputStream:77 - [STDOUT_REDIRECT] 1 : Invalid condition id : UX_CORESTACK_Condition cause : null
2025-10-15 20:38:30,731 [INFO] LogOutputStream:77 - [STDOUT_REDIRECT] 1 : Invalid condition id : UX_CORESTACK_Condition cause : null
2025-10-15 20:38:30,733 [WARN] PackLoader:240 - Cannot read IP mode file for STMicroelectronics.X-CUBE-AZRTOS-WL.2.0.0
2025-10-15 20:38:30,735 [WARN] PackLoader:240 - Cannot read IP mode file for STMicroelectronics.FP-SNS-MOTENV1.5.0.0
2025-10-15 20:38:30,738 [WARN] PackLoader:240 - Cannot read IP mode file for STMicroelectronics.X-CUBE-BLE2.3.3.0
2025-10-15 20:38:30,740 [WARN] PackLoader:240 - Cannot read IP mode file for STMicroelectronics.X-CUBE-NFC9.1.0.0
2025-10-15 20:38:30,743 [WARN] PackLoader:240 - Cannot read IP mode file for wolfSSL.I-CUBE-wolfSSL.5.8.2
2025-10-15 20:38:30,745 [WARN] PackLoader:240 - Cannot read IP mode file for STMicroelectronics.X-CUBE-BLE1.7.1.0
2025-10-15 20:38:30,747 [WARN] PackLoader:240 - Cannot read IP mode file for wolfSSL.I-CUBE-wolfMQTT.1.19.2
2025-10-15 20:38:30,749 [WARN] PackLoader:240 - Cannot read IP mode file for STMicroelectronics.X-CUBE-EEPRMA1.5.2.0
2025-10-15 20:38:30,752 [WARN] PackLoader:240 - Cannot read IP mode file for STMicroelectronics.X-CUBE-ST67W61.1.1.0
2025-10-15 20:38:30,760 [WARN] PackLoader:240 - Cannot read IP mode file for STMicroelectronics.X-CUBE-AZRTOS-G0.1.1.0
2025-10-15 20:38:30,763 [WARN] PackLoader:240 - Cannot read IP mode file for STMicroelectronics.X-CUBE-SAFEA1.1.2.2
2025-10-15 20:38:30,766 [WARN] PackLoader:240 - Cannot read IP mode file for STMicroelectronics.X-CUBE-NFC4.3.0.0
2025-10-15 20:38:30,770 [WARN] PackLoader:240 - Cannot read IP mode file for EmbeddedOffice.I-CUBE-FS-RTOS.1.0.1
2025-10-15 20:38:30,772 [WARN] PackLoader:240 - Cannot read IP mode file for STMicroelectronics.X-CUBE-WB05N.2.0.0
2025-10-15 20:38:30,774 [WARN] PackLoader:240 - Cannot read IP mode file for wolfSSL.I-CUBE-wolfTPM.3.8.0
2025-10-15 20:38:30,777 [WARN] PackLoader:240 - Cannot read IP mode file for STMicroelectronics.X-CUBE-TCPP.4.2.0
2025-10-15 20:38:30,779 [WARN] PackLoader:240 - Cannot read IP mode file for RealThread.X-CUBE-RT-Thread_Nano.4.1.1
2025-10-15 20:38:30,781 [WARN] PackLoader:240 - Cannot read IP mode file for STMicroelectronics.FP-ATR-SIGFOX1.3.2.0
2025-10-15 20:38:30,783 [WARN] PackLoader:240 - Cannot read IP mode file for ITTIA_DB.I-CUBE-ITTIADB.8.9.0
2025-10-15 20:38:30,786 [WARN] PackLoader:240 - Cannot read IP mode file for STMicroelectronics.X-CUBE-ST67W61.1.0.0
2025-10-15 20:38:30,787 [WARN] PackLoader:240 - Cannot read IP mode file for STMicroelectronics.X-CUBE-AI.10.2.0
2025-10-15 20:38:30,798 [WARN] PackLoader:240 - Cannot read IP mode file for SEGGER.I-CUBE-embOS.1.3.1
2025-10-15 20:38:30,817 [WARN] PackLoader:240 - Cannot read IP mode file for STMicroelectronics.X-CUBE-ALGOBUILD.1.4.0
2025-10-15 20:38:30,839 [WARN] PackLoader:240 - Cannot read IP mode file for STMicroelectronics.X-CUBE-MEMS1.11.3.0
2025-10-15 20:38:30,899 [WARN] PackLoader:240 - Cannot read IP mode file for STMicroelectronics.X-CUBE-PM33A1.1.0.0
2025-10-15 20:38:30,906 [WARN] PackLoader:240 - Cannot read IP mode file for STMicroelectronics.X-CUBE-AZRTOS-F4.1.1.0
2025-10-15 20:38:30,909 [WARN] PackLoader:240 - Cannot read IP mode file for Avnet-IotConnect.X-CUBE-IoTC-DA16k-PMOD.1.0.0
2025-10-15 20:38:30,910 [WARN] PackLoader:240 - Cannot read IP mode file for STMicroelectronics.X-CUBE-ISPU.2.1.0
2025-10-15 20:38:30,915 [WARN] PackLoader:240 - Cannot read IP mode file for STMicroelectronics.X-CUBE-IPS.3.2.0
2025-10-15 20:38:30,920 [WARN] PackLoader:240 - Cannot read IP mode file for STMicroelectronics.X-CUBE-NFC12.1.0.0
2025-10-15 20:38:30,928 [WARN] PackLoader:240 - Cannot read IP mode file for STMicroelectronics.X-CUBE-AZRTOS-L5.2.0.0
2025-10-15 20:38:30,932 [WARN] PackLoader:240 - Cannot read IP mode file for STMicroelectronics.X-CUBE-NFC6.3.1.0
2025-10-15 20:38:30,940 [WARN] PackLoader:240 - Cannot read IP mode file for STMicroelectronics.X-CUBE-FREERTOS.1.3.1
2025-10-15 20:38:30,941 [WARN] PackLoader:240 - Cannot read IP mode file for STMicroelectronics.X-CUBE-TOUCHGFX.4.26.0
2025-10-15 20:38:30,943 [WARN] PackLoader:240 - Cannot read IP mode file for STMicroelectronics.FP-SNS-STAIOTCFT.1.0.0
2025-10-15 20:38:30,945 [WARN] PackLoader:240 - Cannot read IP mode file for STMicroelectronics.X-CUBE-DPower.1.3.0
2025-10-15 20:38:30,953 [WARN] ConditionMgr:438 - getConditionDescription Invalid condition id : LAN8742 Phy interface Condition cause : null
2025-10-15 20:38:30,953 [WARN] PackLoader:240 - Cannot read IP mode file for STMicroelectronics.X-CUBE-AZRTOS-L4.2.0.0
2025-10-15 20:38:30,954 [WARN] ConditionMgr:1044 - genDependencies : Invalid condition id : LAN8742 Phy interface Condition cause : null
2025-10-15 20:38:30,954 [WARN] ConditionMgr:1044 - genDependencies : Invalid condition id : LAN8742 Phy interface Condition cause : null
2025-10-15 20:38:30,954 [WARN] ConditionMgr:1044 - genDependencies : Invalid condition id : LAN8742 Phy interface Condition cause : null
2025-10-15 20:38:30,957 [WARN] PackLoader:240 - Cannot read IP mode file for STMicroelectronics.X-CUBE-SFXS2LP1.4.0.0
2025-10-15 20:38:30,962 [WARN] PackLoader:240 - Cannot read IP mode file for STMicroelectronics.X-CUBE-BLEMGR.4.1.0
2025-10-15 20:38:30,969 [WARN] ConditionMgr:438 - getConditionDescription Invalid condition id : UX DEVICE CLASS RTOS Condition cause : null
2025-10-15 20:38:30,969 [WARN] ConditionMgr:438 - getConditionDescription Invalid condition id : UX DEVICE CLASS RTOS Condition cause : null
2025-10-15 20:38:30,970 [WARN] PackLoader:240 - Cannot read IP mode file for STMicroelectronics.X-CUBE-AZRTOS-WB.2.0.0
2025-10-15 20:38:30,971 [WARN] ConditionMgr:1044 - genDependencies : Invalid condition id : UX DEVICE CLASS RTOS Condition cause : null
2025-10-15 20:38:30,971 [WARN] ConditionMgr:1044 - genDependencies : Invalid condition id : UX DEVICE CLASS RTOS Condition cause : null
2025-10-15 20:38:30,971 [WARN] ConditionMgr:1044 - genDependencies : Invalid condition id : UX DEVICE CLASS RTOS Condition cause : null
2025-10-15 20:38:30,971 [WARN] ConditionMgr:1044 - genDependencies : Invalid condition id : UX DEVICE CLASS RTOS Condition cause : null
2025-10-15 20:38:30,971 [WARN] ConditionMgr:1044 - genDependencies : Invalid condition id : UX DEVICE CLASS RTOS Condition cause : null
2025-10-15 20:38:30,973 [WARN] PackLoader:240 - Cannot read IP mode file for STMicroelectronics.X-CUBE-GNSS1.7.0.1
2025-10-15 20:38:30,975 [WARN] PackLoader:240 - Cannot read IP mode file for STMicroelectronics.X-CUBE-TOUCHGFX.4.25.0
2025-10-15 20:38:30,976 [WARN] ConditionMgr:438 - getConditionDescription Invalid condition id : Cortex-A Device cause : null
2025-10-15 20:38:30,981 [WARN] ConditionMgr:1044 - genDependencies : Invalid condition id : Cortex-A Device cause : null
2025-10-15 20:38:30,981 [WARN] ConditionMgr:1044 - genDependencies : Invalid condition id : Cortex-A Device cause : null
2025-10-15 20:38:30,981 [WARN] ConditionMgr:1044 - genDependencies : Invalid condition id : Cortex-A Device cause : null
2025-10-15 20:38:30,985 [WARN] PackLoader:240 - Cannot read IP mode file for STMicroelectronics.X-CUBE-SUBG2.5.0.0
2025-10-15 20:38:30,994 [WARN] PackLoader:240 - Cannot read IP mode file for STMicroelectronics.X-CUBE-AZRTOS-H7RS.1.1.0
2025-10-15 20:38:30,997 [WARN] PackLoader:240 - Cannot read IP mode file for Cesanta.I-CUBE-Mongoose.7.13.0
2025-10-15 20:38:31,002 [WARN] PackLoader:240 - Cannot read IP mode file for STMicroelectronics.X-CUBE-AZRTOS-G4.2.0.0
2025-10-15 20:38:31,004 [WARN] PackLoader:240 - Cannot read IP mode file for wolfSSL.I-CUBE-wolfSSH.1.4.20
2025-10-15 20:38:31,006 [WARN] PackLoader:240 - Cannot read IP mode file for STMicroelectronics.X-CUBE-NFC7.2.0.0
2025-10-15 20:38:31,010 [WARN] PackLoader:240 - Cannot read IP mode file for STMicroelectronics.X-CUBE-IPS.3.1.0
2025-10-15 20:38:31,014 [WARN] PackLoader:240 - Cannot read IP mode file for STMicroelectronics.X-CUBE-ALS.1.0.2
2025-10-15 20:38:31,017 [WARN] PackLoader:240 - Cannot read IP mode file for STMicroelectronics.X-CUBE-STSE01.1.0.0
2025-10-15 20:38:31,022 [WARN] PackLoader:240 - Cannot read IP mode file for STMicroelectronics.X-CUBE-TOF1.3.4.3
2025-10-15 20:38:31,026 [INFO] ThirdParty:978 - Integrity check success = true
2025-10-15 20:38:31,027 [INFO] IntegrityCheckThread:100 - exiting critical section [integrity check]
2025-10-15 20:38:31,027 [INFO] IntegrityCheckThread:103 - End integrity checks thread
2025-10-15 21:22:47,218 [ERROR] LogOutputStream:75 - [STDERR_REDIRECT] 
