../Core/Src/main.c:84:5:main	368	static
../Core/Src/main.c:144:6:SystemClock_Config	88	static
../Core/Src/main.c:190:13:MX_I2C1_Init	8	static
../Core/Src/main.c:224:13:MX_I2S3_Init	8	static
../Core/Src/main.c:258:13:MX_SPI1_Init	8	static
../Core/Src/main.c:296:13:MX_TIM2_Init	32	static
../Core/Src/main.c:341:13:MX_TIM4_Init	32	static
../Core/Src/main.c:386:13:MX_GPIO_Init	56	static
../Core/Src/main.c:484:6:HAL_GPIO_EXTI_Callback	16	static
../Core/Src/main.c:513:6:Error_Handler	4	static,ignoring_inline_asm
