23:58:29 **** Incremental Build of configuration Debug for project Lab2_t2 ****
make -j16 all 
arm-none-eabi-gcc "../Core/Src/main.c" -mcpu=cortex-m4 -std=gnu11 -g3 -DDEBUG -DUSE_HAL_DRIVER -DSTM32F407xx -c -I../USB_HOST/App -I../USB_HOST/Target -I../Core/Inc -I../Drivers/STM32F4xx_HAL_Driver/Inc -I../Drivers/STM32F4xx_HAL_Driver/Inc/Legacy -I../Middlewares/ST/STM32_USB_Host_Library/Core/Inc -I../Middlewares/ST/STM32_USB_Host_Library/Class/CDC/Inc -I../Drivers/CMSIS/Device/ST/STM32F4xx/Include -I../Drivers/CMSIS/Include -O0 -ffunction-sections -fdata-sections -Wall -fstack-usage -fcyclomatic-complexity -MMD -MP -MF"Core/Src/main.d" -MT"Core/Src/main.o" --specs=nano.specs -mfpu=fpv4-sp-d16 -mfloat-abi=hard -mthumb -o "Core/Src/main.o"
arm-none-eabi-gcc -o "Lab2_t2.elf" @"objects.list"   -mcpu=cortex-m4 -T"/home/oleksii/STM32CubeIDE/workspace_1.19.0/workspace_embedded/Lab2_t2/STM32F407VGTX_FLASH.ld" --specs=nosys.specs -Wl,-Map="Lab2_t2.map" -Wl,--gc-sections -static --specs=nano.specs -mfpu=fpv4-sp-d16 -mfloat-abi=hard -mthumb -Wl,--start-group -lc -lm -Wl,--end-group
Finished building target: Lab2_t2.elf
 
arm-none-eabi-size  Lab2_t2.elf 
arm-none-eabi-objdump -h -S Lab2_t2.elf  > "Lab2_t2.list"
   text	   data	    bss	    dec	    hex	filename
  38760	    124	   4284	  43168	   a8a0	Lab2_t2.elf
Finished building: default.size.stdout
 
Finished building: Lab2_t2.list
 
23:58:34 **** Incremental Build of configuration Debug for project Lab2_t2 ****
make -j16 all 
arm-none-eabi-size  Lab2_t2.elf 
   text	   data	    bss	    dec	    hex	filename
  38760	    124	   4284	  43168	   a8a0	Lab2_t2.elf
Finished building: default.size.stdout
 
